---
source: exn/tests/simple.rs
expression: e5
---
E5, at exn/tests/simple.rs:37:17
|
|-> E4, at exn/tests/simple.rs:36:17
|
|-> E3, at exn/tests/simple.rs:35:17
|
|-> E2, at exn/tests/simple.rs:34:17
|
|-> E1, at exn/tests/simple.rs:33:32
