---
source: exn/tests/simple.rs
expression: result.unwrap_err()
---
Another error, at exn/tests/simple.rs:67:25
|
|-> An error, at exn/tests/simple.rs:67:25
