---
source: exn/tests/simple.rs
expression: result.unwrap_err()
---
An error, at exn/tests/simple.rs:91:9
